PHP Fatal error:  Unable to start wordutil module in Unknown on line 0

Fatal error: Unable to start wordutil module in Unknown on line 0